// Jest Snapshot v1, https://goo.gl/fbAQLP

exports[`Navbar renders 1`] = `
<DocumentFragment>
  <nav>
    <div
      class="css-tn3qd3"
    >
      <div
        class="css-1dtnjt5"
      >
        <div
          class="css-2a4gch"
        >
          <h2
            class="chakra-heading css-132pka0"
          >
            Event App
          </h2>
        </div>
        <svg
          class="chakra-icon css-fv7h53"
          focusable="false"
          viewBox="0 0 24 24"
        >
          <path
            d="M 3 5 A 1.0001 1.0001 0 1 0 3 7 L 21 7 A 1.0001 1.0001 0 1 0 21 5 L 3 5 z M 3 11 A 1.0001 1.0001 0 1 0 3 13 L 21 13 A 1.0001 1.0001 0 1 0 21 11 L 3 11 z M 3 17 A 1.0001 1.0001 0 1 0 3 19 L 21 19 A 1.0001 1.0001 0 1 0 21 17 L 3 17 z"
            fill="currentColor"
          />
        </svg>
      </div>
      <div
        class="css-1bpfvr5"
      >
        <div
          class="chakra-stack css-gwxmxi"
        >
          <a
            class="chakra-link css-h5k7go"
            href="/"
          >
            Home
          </a>
          <a
            class="chakra-link css-1sdkjyt"
            href="/create"
          >
            Create
          </a>
        </div>
      </div>
    </div>
  </nav>
</DocumentFragment>
`;
